[INFO] 2025-11-25 23:06:48,644 - main - ===== Training Mode =====
[INFO] 2025-11-25 23:06:48,644 - main - Training protocol: simple_majority with 3 players and 1 rounds.
[INFO] 2025-11-25 23:06:48,644 - main - Initializing the environment and model...
[INFO] 2025-11-25 23:06:48,925 - main - Generating all possible input patterns...
[INFO] 2025-11-25 23:06:48,925 - main - Input patterns generated.
[INFO] 2025-11-25 23:06:48,925 - main - Starting training...
[INFO] 2025-11-25 23:06:48,925 - main - Epoch 1/10, training on 52 failed cases from last evaluation.
[INFO] 2025-11-25 23:06:49,575 - main - Training completed. Move to evaluation phase.
[INFO] 2025-11-25 23:06:49,575 - verifier.verifier - Final global state: [<State.FAIL: 2>, <State.FAIL: 2>, <State.FAIL: 2>]
[INFO] 2025-11-25 23:06:49,576 - verifier.verifier - Final global state: [<State.NO: 0>, <State.FAIL: 2>, <State.FAIL: 2>]
[INFO] 2025-11-25 23:06:49,576 - verifier.verifier - Final global state: [<State.NO: 0>, <State.FAIL: 2>, <State.FAIL: 2>]
[INFO] 2025-11-25 23:06:49,576 - verifier.verifier - Final global state: [<State.NO: 0>, <State.FAIL: 2>, <State.FAIL: 2>]
[INFO] 2025-11-25 23:06:49,576 - verifier.verifier - Final global state: [<State.NO: 0>, <State.FAIL: 2>, <State.FAIL: 2>]
[INFO] 2025-11-25 23:06:49,576 - verifier.verifier - Final global state: [<State.NO: 0>, <State.NO: 0>, <State.FAIL: 2>]
[INFO] 2025-11-25 23:06:49,576 - verifier.verifier - Final global state: [<State.NO: 0>, <State.NO: 0>, <State.FAIL: 2>]
[INFO] 2025-11-25 23:06:49,576 - verifier.verifier - Final global state: [<State.NO: 0>, <State.NO: 0>, <State.FAIL: 2>]
[INFO] 2025-11-25 23:06:49,576 - verifier.verifier - Final global state: [<State.NO: 0>, <State.NO: 0>, <State.FAIL: 2>]
[INFO] 2025-11-25 23:06:49,576 - verifier.verifier - Final global state: [<State.FAIL: 2>, <State.FAIL: 2>, <State.FAIL: 2>]
[INFO] 2025-11-25 23:06:49,576 - verifier.verifier - Final global state: [<State.NO: 0>, <State.FAIL: 2>, <State.FAIL: 2>]
[INFO] 2025-11-25 23:06:49,576 - verifier.verifier - Final global state: [<State.NO: 0>, <State.FAIL: 2>, <State.FAIL: 2>]
[INFO] 2025-11-25 23:06:49,576 - verifier.verifier - Final global state: [<State.NO: 0>, <State.FAIL: 2>, <State.FAIL: 2>]
[INFO] 2025-11-25 23:06:49,577 - verifier.verifier - Final global state: [<State.NO: 0>, <State.FAIL: 2>, <State.FAIL: 2>]
[INFO] 2025-11-25 23:06:49,577 - verifier.verifier - Final global state: [<State.FAIL: 2>, <State.FAIL: 2>, <State.NO: 0>]
[INFO] 2025-11-25 23:06:49,577 - verifier.verifier - Final global state: [<State.FAIL: 2>, <State.FAIL: 2>, <State.NO: 0>]
[INFO] 2025-11-25 23:06:49,577 - verifier.verifier - Final global state: [<State.FAIL: 2>, <State.FAIL: 2>, <State.NO: 0>]
[INFO] 2025-11-25 23:06:49,577 - verifier.verifier - Final global state: [<State.FAIL: 2>, <State.FAIL: 2>, <State.NO: 0>]
[INFO] 2025-11-25 23:06:49,577 - verifier.verifier - Final global state: [<State.NO: 0>, <State.NO: 0>, <State.FAIL: 2>]
[INFO] 2025-11-25 23:06:49,577 - verifier.verifier - Final global state: [<State.NO: 0>, <State.NO: 0>, <State.FAIL: 2>]
[INFO] 2025-11-25 23:06:49,577 - verifier.verifier - Final global state: [<State.NO: 0>, <State.NO: 0>, <State.FAIL: 2>]
[INFO] 2025-11-25 23:06:49,577 - verifier.verifier - Final global state: [<State.NO: 0>, <State.NO: 0>, <State.FAIL: 2>]
[INFO] 2025-11-25 23:06:49,577 - verifier.verifier - Final global state: [<State.NO: 0>, <State.FAIL: 2>, <State.NO: 0>]
[INFO] 2025-11-25 23:06:49,577 - verifier.verifier - Final global state: [<State.NO: 0>, <State.FAIL: 2>, <State.NO: 0>]
[INFO] 2025-11-25 23:06:49,578 - verifier.verifier - Final global state: [<State.NO: 0>, <State.FAIL: 2>, <State.NO: 0>]
[INFO] 2025-11-25 23:06:49,578 - verifier.verifier - Final global state: [<State.NO: 0>, <State.FAIL: 2>, <State.NO: 0>]
[INFO] 2025-11-25 23:06:49,578 - verifier.verifier - Final global state: [<State.PASS: 3>, <State.PASS: 3>, <State.PASS: 3>]
[INFO] 2025-11-25 23:06:49,578 - verifier.verifier - Final global state: [<State.NO: 0>, <State.PASS: 3>, <State.PASS: 3>]
[INFO] 2025-11-25 23:06:49,578 - verifier.verifier - Final global state: [<State.NO: 0>, <State.PASS: 3>, <State.PASS: 3>]
[INFO] 2025-11-25 23:06:49,578 - verifier.verifier - Final global state: [<State.NO: 0>, <State.PASS: 3>, <State.PASS: 3>]
[INFO] 2025-11-25 23:06:49,578 - verifier.verifier - Final global state: [<State.NO: 0>, <State.PASS: 3>, <State.PASS: 3>]
[INFO] 2025-11-25 23:06:49,578 - verifier.verifier - Final global state: [<State.FAIL: 2>, <State.NO: 0>, <State.FAIL: 2>]
[INFO] 2025-11-25 23:06:49,578 - verifier.verifier - Final global state: [<State.FAIL: 2>, <State.NO: 0>, <State.PASS: 3>]
[INFO] 2025-11-25 23:06:49,578 - verifier.verifier - Final global state: [<State.PASS: 3>, <State.NO: 0>, <State.FAIL: 2>]
[INFO] 2025-11-25 23:06:49,578 - verifier.verifier - Final global state: [<State.PASS: 3>, <State.NO: 0>, <State.PASS: 3>]
[INFO] 2025-11-25 23:06:49,578 - verifier.verifier - Final global state: [<State.NO: 0>, <State.NO: 0>, <State.FAIL: 2>]
[INFO] 2025-11-25 23:06:49,578 - verifier.verifier - Final global state: [<State.NO: 0>, <State.NO: 0>, <State.PASS: 3>]
[INFO] 2025-11-25 23:06:49,579 - verifier.verifier - Final global state: [<State.NO: 0>, <State.NO: 0>, <State.FAIL: 2>]
[INFO] 2025-11-25 23:06:49,579 - verifier.verifier - Final global state: [<State.NO: 0>, <State.NO: 0>, <State.PASS: 3>]
[INFO] 2025-11-25 23:06:49,579 - verifier.verifier - Final global state: [<State.FAIL: 2>, <State.NO: 0>, <State.NO: 0>]
[INFO] 2025-11-25 23:06:49,579 - verifier.verifier - Final global state: [<State.FAIL: 2>, <State.NO: 0>, <State.NO: 0>]
[INFO] 2025-11-25 23:06:49,579 - verifier.verifier - Final global state: [<State.FAIL: 2>, <State.NO: 0>, <State.NO: 0>]
[INFO] 2025-11-25 23:06:49,579 - verifier.verifier - Final global state: [<State.PASS: 3>, <State.NO: 0>, <State.NO: 0>]
[INFO] 2025-11-25 23:06:49,579 - verifier.verifier - Final global state: [<State.PASS: 3>, <State.PASS: 3>, <State.PASS: 3>]
[INFO] 2025-11-25 23:06:49,579 - verifier.verifier - Final global state: [<State.NO: 0>, <State.PASS: 3>, <State.PASS: 3>]
[INFO] 2025-11-25 23:06:49,579 - verifier.verifier - Final global state: [<State.NO: 0>, <State.PASS: 3>, <State.PASS: 3>]
[INFO] 2025-11-25 23:06:49,579 - verifier.verifier - Final global state: [<State.NO: 0>, <State.PASS: 3>, <State.PASS: 3>]
[INFO] 2025-11-25 23:06:49,579 - verifier.verifier - Final global state: [<State.NO: 0>, <State.PASS: 3>, <State.PASS: 3>]
[INFO] 2025-11-25 23:06:49,579 - verifier.verifier - Final global state: [<State.NO: 0>, <State.NO: 0>, <State.FAIL: 2>]
[INFO] 2025-11-25 23:06:49,579 - verifier.verifier - Final global state: [<State.NO: 0>, <State.NO: 0>, <State.PASS: 3>]
[INFO] 2025-11-25 23:06:49,580 - verifier.verifier - Final global state: [<State.NO: 0>, <State.NO: 0>, <State.PASS: 3>]
[INFO] 2025-11-25 23:06:49,580 - verifier.verifier - Final global state: [<State.NO: 0>, <State.NO: 0>, <State.PASS: 3>]
[INFO] 2025-11-25 23:06:49,580 - verifier.verifier - Evaluation for protocol <simple_majority> completed.
[INFO] 2025-11-25 23:06:49,580 - verifier.verifier - Setting: players=3, rounds=1
[INFO] 2025-11-25 23:06:49,580 - verifier.verifier - Result: 0 failed cases out of 52 total cases.
[INFO] 2025-11-25 23:06:49,580 - verifier.verifier - Accumulated reward: 20
[INFO] 2025-11-25 23:06:49,580 - main - All failed cases passed verification!
[INFO] 2025-11-25 23:06:49,580 - main - Move to final evaluation on all inputs.
[INFO] 2025-11-25 23:06:49,580 - verifier.verifier - Final global state: [<State.FAIL: 2>, <State.FAIL: 2>, <State.FAIL: 2>]
[INFO] 2025-11-25 23:06:49,580 - verifier.verifier - Final global state: [<State.NO: 0>, <State.FAIL: 2>, <State.FAIL: 2>]
[INFO] 2025-11-25 23:06:49,580 - verifier.verifier - Final global state: [<State.NO: 0>, <State.FAIL: 2>, <State.FAIL: 2>]
[INFO] 2025-11-25 23:06:49,580 - verifier.verifier - Final global state: [<State.NO: 0>, <State.FAIL: 2>, <State.FAIL: 2>]
[INFO] 2025-11-25 23:06:49,580 - verifier.verifier - Final global state: [<State.NO: 0>, <State.FAIL: 2>, <State.FAIL: 2>]
[INFO] 2025-11-25 23:06:49,580 - verifier.verifier - Final global state: [<State.NO: 0>, <State.NO: 0>, <State.FAIL: 2>]
[INFO] 2025-11-25 23:06:49,580 - verifier.verifier - Final global state: [<State.NO: 0>, <State.NO: 0>, <State.FAIL: 2>]
[INFO] 2025-11-25 23:06:49,580 - verifier.verifier - Final global state: [<State.NO: 0>, <State.NO: 0>, <State.FAIL: 2>]
[INFO] 2025-11-25 23:06:49,580 - verifier.verifier - Final global state: [<State.NO: 0>, <State.NO: 0>, <State.FAIL: 2>]
[INFO] 2025-11-25 23:06:49,580 - verifier.verifier - Final global state: [<State.FAIL: 2>, <State.FAIL: 2>, <State.FAIL: 2>]
[INFO] 2025-11-25 23:06:49,580 - verifier.verifier - Final global state: [<State.NO: 0>, <State.FAIL: 2>, <State.FAIL: 2>]
[INFO] 2025-11-25 23:06:49,581 - verifier.verifier - Final global state: [<State.NO: 0>, <State.FAIL: 2>, <State.FAIL: 2>]
[INFO] 2025-11-25 23:06:49,581 - verifier.verifier - Final global state: [<State.NO: 0>, <State.FAIL: 2>, <State.FAIL: 2>]
[INFO] 2025-11-25 23:06:49,581 - verifier.verifier - Final global state: [<State.NO: 0>, <State.FAIL: 2>, <State.FAIL: 2>]
[INFO] 2025-11-25 23:06:49,581 - verifier.verifier - Final global state: [<State.FAIL: 2>, <State.FAIL: 2>, <State.NO: 0>]
[INFO] 2025-11-25 23:06:49,581 - verifier.verifier - Final global state: [<State.FAIL: 2>, <State.FAIL: 2>, <State.NO: 0>]
[INFO] 2025-11-25 23:06:49,581 - verifier.verifier - Final global state: [<State.FAIL: 2>, <State.FAIL: 2>, <State.NO: 0>]
[INFO] 2025-11-25 23:06:49,581 - verifier.verifier - Final global state: [<State.FAIL: 2>, <State.FAIL: 2>, <State.NO: 0>]
[INFO] 2025-11-25 23:06:49,581 - verifier.verifier - Final global state: [<State.NO: 0>, <State.NO: 0>, <State.FAIL: 2>]
[INFO] 2025-11-25 23:06:49,581 - verifier.verifier - Final global state: [<State.NO: 0>, <State.NO: 0>, <State.FAIL: 2>]
[INFO] 2025-11-25 23:06:49,581 - verifier.verifier - Final global state: [<State.NO: 0>, <State.NO: 0>, <State.FAIL: 2>]
[INFO] 2025-11-25 23:06:49,581 - verifier.verifier - Final global state: [<State.NO: 0>, <State.NO: 0>, <State.FAIL: 2>]
[INFO] 2025-11-25 23:06:49,581 - verifier.verifier - Final global state: [<State.NO: 0>, <State.FAIL: 2>, <State.NO: 0>]
[INFO] 2025-11-25 23:06:49,581 - verifier.verifier - Final global state: [<State.NO: 0>, <State.FAIL: 2>, <State.NO: 0>]
[INFO] 2025-11-25 23:06:49,582 - verifier.verifier - Final global state: [<State.NO: 0>, <State.FAIL: 2>, <State.NO: 0>]
[INFO] 2025-11-25 23:06:49,582 - verifier.verifier - Final global state: [<State.NO: 0>, <State.FAIL: 2>, <State.NO: 0>]
[INFO] 2025-11-25 23:06:49,582 - verifier.verifier - Final global state: [<State.PASS: 3>, <State.PASS: 3>, <State.PASS: 3>]
[INFO] 2025-11-25 23:06:49,582 - verifier.verifier - Final global state: [<State.NO: 0>, <State.PASS: 3>, <State.PASS: 3>]
[INFO] 2025-11-25 23:06:49,582 - verifier.verifier - Final global state: [<State.NO: 0>, <State.PASS: 3>, <State.PASS: 3>]
[INFO] 2025-11-25 23:06:49,582 - verifier.verifier - Final global state: [<State.NO: 0>, <State.PASS: 3>, <State.PASS: 3>]
[INFO] 2025-11-25 23:06:49,582 - verifier.verifier - Final global state: [<State.NO: 0>, <State.PASS: 3>, <State.PASS: 3>]
[INFO] 2025-11-25 23:06:49,582 - verifier.verifier - Final global state: [<State.FAIL: 2>, <State.NO: 0>, <State.FAIL: 2>]
[INFO] 2025-11-25 23:06:49,582 - verifier.verifier - Final global state: [<State.FAIL: 2>, <State.NO: 0>, <State.PASS: 3>]
[INFO] 2025-11-25 23:06:49,582 - verifier.verifier - Final global state: [<State.PASS: 3>, <State.NO: 0>, <State.FAIL: 2>]
[INFO] 2025-11-25 23:06:49,582 - verifier.verifier - Final global state: [<State.PASS: 3>, <State.NO: 0>, <State.PASS: 3>]
[INFO] 2025-11-25 23:06:49,582 - verifier.verifier - Final global state: [<State.NO: 0>, <State.NO: 0>, <State.FAIL: 2>]
[INFO] 2025-11-25 23:06:49,582 - verifier.verifier - Final global state: [<State.NO: 0>, <State.NO: 0>, <State.PASS: 3>]
[INFO] 2025-11-25 23:06:49,582 - verifier.verifier - Final global state: [<State.NO: 0>, <State.NO: 0>, <State.FAIL: 2>]
[INFO] 2025-11-25 23:06:49,583 - verifier.verifier - Final global state: [<State.NO: 0>, <State.NO: 0>, <State.PASS: 3>]
[INFO] 2025-11-25 23:06:49,583 - verifier.verifier - Final global state: [<State.FAIL: 2>, <State.NO: 0>, <State.NO: 0>]
[INFO] 2025-11-25 23:06:49,583 - verifier.verifier - Final global state: [<State.FAIL: 2>, <State.NO: 0>, <State.NO: 0>]
[INFO] 2025-11-25 23:06:49,583 - verifier.verifier - Final global state: [<State.FAIL: 2>, <State.NO: 0>, <State.NO: 0>]
[INFO] 2025-11-25 23:06:49,583 - verifier.verifier - Final global state: [<State.PASS: 3>, <State.NO: 0>, <State.NO: 0>]
[INFO] 2025-11-25 23:06:49,583 - verifier.verifier - Final global state: [<State.PASS: 3>, <State.PASS: 3>, <State.PASS: 3>]
[INFO] 2025-11-25 23:06:49,583 - verifier.verifier - Final global state: [<State.NO: 0>, <State.PASS: 3>, <State.PASS: 3>]
[INFO] 2025-11-25 23:06:49,583 - verifier.verifier - Final global state: [<State.NO: 0>, <State.PASS: 3>, <State.PASS: 3>]
[INFO] 2025-11-25 23:06:49,583 - verifier.verifier - Final global state: [<State.NO: 0>, <State.PASS: 3>, <State.PASS: 3>]
[INFO] 2025-11-25 23:06:49,583 - verifier.verifier - Final global state: [<State.NO: 0>, <State.PASS: 3>, <State.PASS: 3>]
[INFO] 2025-11-25 23:06:49,583 - verifier.verifier - Final global state: [<State.NO: 0>, <State.NO: 0>, <State.FAIL: 2>]
[INFO] 2025-11-25 23:06:49,583 - verifier.verifier - Final global state: [<State.NO: 0>, <State.NO: 0>, <State.PASS: 3>]
[INFO] 2025-11-25 23:06:49,583 - verifier.verifier - Final global state: [<State.NO: 0>, <State.NO: 0>, <State.PASS: 3>]
[INFO] 2025-11-25 23:06:49,583 - verifier.verifier - Final global state: [<State.NO: 0>, <State.NO: 0>, <State.PASS: 3>]
[INFO] 2025-11-25 23:06:49,584 - verifier.verifier - Evaluation for protocol <simple_majority> completed.
[INFO] 2025-11-25 23:06:49,584 - verifier.verifier - Setting: players=3, rounds=1
[INFO] 2025-11-25 23:06:49,584 - verifier.verifier - Result: 0 failed cases out of 52 total cases.
[INFO] 2025-11-25 23:06:49,584 - verifier.verifier - Accumulated reward: 20
[INFO] 2025-11-25 23:06:49,584 - main - All cases passed verification! Training successful.
[INFO] 2025-11-25 23:06:49,584 - main - Saving trained model to results/temp/mlp_3_1.pth...
[INFO] 2025-11-25 23:06:49,585 - main - Model saved successfully.
