[INFO] 2025-12-06 20:26:04,168 - main - ===== Training Mode =====
[INFO] 2025-12-06 20:26:04,168 - main - Training protocol: simple_majority with 5 players and 1 rounds.
[INFO] 2025-12-06 20:26:04,168 - main - Initializing the environment and model...
[INFO] 2025-12-06 20:26:04,530 - main - Generating all possible input patterns...
[INFO] 2025-12-06 20:26:04,532 - main - Input patterns generated.
[INFO] 2025-12-06 20:26:04,532 - main - Starting training...
[INFO] 2025-12-06 20:26:04,532 - main - Epoch 1/100, training on 1862 failed cases from last evaluation.
[INFO] 2025-12-06 20:26:10,021 - main - Training completed. Move to evaluation phase.
[INFO] 2025-12-06 20:26:10,567 - verifier.verifier - Evaluation for protocol <simple_majority> completed.
[INFO] 2025-12-06 20:26:10,567 - verifier.verifier - Setting: players=5, rounds=1
[INFO] 2025-12-06 20:26:10,567 - verifier.verifier - Result: 259 failed cases out of 1862 total cases.
[INFO] 2025-12-06 20:26:10,567 - verifier.verifier - Accumulated reward: 0
[INFO] 2025-12-06 20:26:10,567 - main - Epoch 2/100, training on 259 failed cases from last evaluation.
[INFO] 2025-12-06 20:26:16,800 - main - Training completed. Move to evaluation phase.
[INFO] 2025-12-06 20:26:16,882 - verifier.verifier - Evaluation for protocol <simple_majority> completed.
[INFO] 2025-12-06 20:26:16,882 - verifier.verifier - Setting: players=5, rounds=1
[INFO] 2025-12-06 20:26:16,882 - verifier.verifier - Result: 0 failed cases out of 259 total cases.
[INFO] 2025-12-06 20:26:16,882 - verifier.verifier - Accumulated reward: 259
[INFO] 2025-12-06 20:26:16,882 - main - All failed cases passed verification!
[INFO] 2025-12-06 20:26:16,882 - main - Move to final evaluation on all inputs.
[INFO] 2025-12-06 20:26:17,453 - verifier.verifier - Evaluation for protocol <simple_majority> completed.
[INFO] 2025-12-06 20:26:17,453 - verifier.verifier - Setting: players=5, rounds=1
[INFO] 2025-12-06 20:26:17,453 - verifier.verifier - Result: 259 failed cases out of 1862 total cases.
[INFO] 2025-12-06 20:26:17,453 - verifier.verifier - Accumulated reward: 0
[INFO] 2025-12-06 20:26:17,453 - main - Epoch 3/100, training on 259 failed cases from last evaluation.
[INFO] 2025-12-06 20:26:23,329 - main - Training completed. Move to evaluation phase.
[INFO] 2025-12-06 20:26:23,409 - verifier.verifier - Evaluation for protocol <simple_majority> completed.
[INFO] 2025-12-06 20:26:23,409 - verifier.verifier - Setting: players=5, rounds=1
[INFO] 2025-12-06 20:26:23,409 - verifier.verifier - Result: 0 failed cases out of 259 total cases.
[INFO] 2025-12-06 20:26:23,409 - verifier.verifier - Accumulated reward: 259
[INFO] 2025-12-06 20:26:23,409 - main - All failed cases passed verification!
[INFO] 2025-12-06 20:26:23,409 - main - Move to final evaluation on all inputs.
[INFO] 2025-12-06 20:26:23,952 - verifier.verifier - Evaluation for protocol <simple_majority> completed.
[INFO] 2025-12-06 20:26:23,952 - verifier.verifier - Setting: players=5, rounds=1
[INFO] 2025-12-06 20:26:23,952 - verifier.verifier - Result: 259 failed cases out of 1862 total cases.
[INFO] 2025-12-06 20:26:23,952 - verifier.verifier - Accumulated reward: 0
[INFO] 2025-12-06 20:26:23,952 - main - Epoch 4/100, training on 259 failed cases from last evaluation.
[INFO] 2025-12-06 20:26:29,976 - main - Training completed. Move to evaluation phase.
[INFO] 2025-12-06 20:26:30,056 - verifier.verifier - Evaluation for protocol <simple_majority> completed.
[INFO] 2025-12-06 20:26:30,056 - verifier.verifier - Setting: players=5, rounds=1
[INFO] 2025-12-06 20:26:30,056 - verifier.verifier - Result: 0 failed cases out of 259 total cases.
[INFO] 2025-12-06 20:26:30,056 - verifier.verifier - Accumulated reward: 259
[INFO] 2025-12-06 20:26:30,056 - main - All failed cases passed verification!
[INFO] 2025-12-06 20:26:30,056 - main - Move to final evaluation on all inputs.
[INFO] 2025-12-06 20:26:30,595 - verifier.verifier - Evaluation for protocol <simple_majority> completed.
[INFO] 2025-12-06 20:26:30,595 - verifier.verifier - Setting: players=5, rounds=1
[INFO] 2025-12-06 20:26:30,595 - verifier.verifier - Result: 0 failed cases out of 1862 total cases.
[INFO] 2025-12-06 20:26:30,595 - verifier.verifier - Accumulated reward: 518
[INFO] 2025-12-06 20:26:30,595 - main - All cases passed verification! Training successful.
[INFO] 2025-12-06 20:26:30,595 - main - Saving trained model to results/temp/tr_5_1.pth...
[INFO] 2025-12-06 20:26:30,600 - main - Model saved successfully.
