[INFO] 2025-12-10 20:47:49,917 - main - ===== Training Mode =====
[INFO] 2025-12-10 20:47:49,918 - main - Training protocol: atomic_commit with 3 players and 2 rounds.
[INFO] 2025-12-10 20:47:49,918 - main - Initializing the environment and model...
[INFO] 2025-12-10 20:47:50,311 - main - Generating all possible input patterns...
[INFO] 2025-12-10 20:47:50,312 - main - Input patterns generated.
[INFO] 2025-12-10 20:47:50,312 - main - Starting training...
[INFO] 2025-12-10 20:47:50,312 - main - Epoch 1/100, training on 40 failed cases from last evaluation.
[DEBUG] 2025-12-10 20:47:50,346 - model.dqn - Training loss: None
[DEBUG] 2025-12-10 20:47:50,554 - model.dqn - Training loss: 0.16824540495872498
[DEBUG] 2025-12-10 20:47:50,726 - model.dqn - Training loss: 0.017133181914687157
[DEBUG] 2025-12-10 20:47:50,902 - model.dqn - Training loss: 0.11136946827173233
[DEBUG] 2025-12-10 20:47:51,089 - model.dqn - Training loss: 0.03573490306735039
[DEBUG] 2025-12-10 20:47:51,277 - model.dqn - Training loss: 0.0072297947481274605
[DEBUG] 2025-12-10 20:47:51,464 - model.dqn - Training loss: 0.2838694453239441
[DEBUG] 2025-12-10 20:47:51,644 - model.dqn - Training loss: 0.13614043593406677
[DEBUG] 2025-12-10 20:47:51,823 - model.dqn - Training loss: 0.07193366438150406
[DEBUG] 2025-12-10 20:47:52,006 - model.dqn - Training loss: 0.06698574870824814
[DEBUG] 2025-12-10 20:47:52,182 - model.dqn - Training loss: 0.02965926006436348
[DEBUG] 2025-12-10 20:47:52,357 - model.dqn - Training loss: 0.34418994188308716
[DEBUG] 2025-12-10 20:47:52,543 - model.dqn - Training loss: 0.426334947347641
[DEBUG] 2025-12-10 20:47:52,745 - model.dqn - Training loss: 0.33218005299568176
[DEBUG] 2025-12-10 20:47:52,926 - model.dqn - Training loss: 0.2877967059612274
[DEBUG] 2025-12-10 20:47:53,109 - model.dqn - Training loss: 0.32921144366264343
[DEBUG] 2025-12-10 20:47:53,289 - model.dqn - Training loss: 0.13962575793266296
[DEBUG] 2025-12-10 20:47:53,474 - model.dqn - Training loss: 0.3153245747089386
[DEBUG] 2025-12-10 20:47:53,654 - model.dqn - Training loss: 0.2594278156757355
[DEBUG] 2025-12-10 20:47:53,828 - model.dqn - Training loss: 0.13037574291229248
[DEBUG] 2025-12-10 20:47:54,001 - model.dqn - Training loss: 0.4244282841682434
[DEBUG] 2025-12-10 20:47:54,177 - model.dqn - Training loss: 0.26717841625213623
[DEBUG] 2025-12-10 20:47:54,349 - model.dqn - Training loss: 0.05388239026069641
[DEBUG] 2025-12-10 20:47:54,523 - model.dqn - Training loss: 0.048575665801763535
[DEBUG] 2025-12-10 20:47:54,699 - model.dqn - Training loss: 0.15867434442043304
[DEBUG] 2025-12-10 20:47:54,875 - model.dqn - Training loss: 0.06765875220298767
[DEBUG] 2025-12-10 20:47:55,047 - model.dqn - Training loss: 0.010501290671527386
[DEBUG] 2025-12-10 20:47:55,220 - model.dqn - Training loss: 0.10477826744318008
[DEBUG] 2025-12-10 20:47:55,421 - model.dqn - Training loss: 0.1066327914595604
[DEBUG] 2025-12-10 20:47:55,596 - model.dqn - Training loss: 0.10587318986654282
[DEBUG] 2025-12-10 20:47:55,771 - model.dqn - Training loss: 0.034918975085020065
[DEBUG] 2025-12-10 20:47:55,953 - model.dqn - Training loss: 0.37139880657196045
[DEBUG] 2025-12-10 20:47:56,133 - model.dqn - Training loss: 0.2503622770309448
[DEBUG] 2025-12-10 20:47:56,311 - model.dqn - Training loss: 0.47829535603523254
[DEBUG] 2025-12-10 20:47:56,548 - model.dqn - Training loss: 0.12367796152830124
[DEBUG] 2025-12-10 20:47:56,731 - model.dqn - Training loss: 0.175716370344162
[DEBUG] 2025-12-10 20:47:56,916 - model.dqn - Training loss: 0.43469348549842834
[DEBUG] 2025-12-10 20:47:57,095 - model.dqn - Training loss: 0.27538588643074036
[DEBUG] 2025-12-10 20:47:57,270 - model.dqn - Training loss: 0.307506799697876
[DEBUG] 2025-12-10 20:47:57,453 - model.dqn - Training loss: 0.10727792233228683
[DEBUG] 2025-12-10 20:47:57,636 - model.dqn - Training loss: 0.28979170322418213
[DEBUG] 2025-12-10 20:47:57,816 - model.dqn - Training loss: 0.1984444111585617
[DEBUG] 2025-12-10 20:47:57,995 - model.dqn - Training loss: 0.4172676205635071
[DEBUG] 2025-12-10 20:47:58,173 - model.dqn - Training loss: 0.6264146566390991
[DEBUG] 2025-12-10 20:47:58,348 - model.dqn - Training loss: 0.32144802808761597
[DEBUG] 2025-12-10 20:47:58,523 - model.dqn - Training loss: 0.24869085848331451
[DEBUG] 2025-12-10 20:47:58,698 - model.dqn - Training loss: 0.1752343773841858
[DEBUG] 2025-12-10 20:47:58,896 - model.dqn - Training loss: 0.5551876425743103
[DEBUG] 2025-12-10 20:47:59,072 - model.dqn - Training loss: 0.2683227062225342
[DEBUG] 2025-12-10 20:47:59,245 - model.dqn - Training loss: 0.17018380761146545
[DEBUG] 2025-12-10 20:47:59,423 - model.dqn - Training loss: 0.2657320499420166
[DEBUG] 2025-12-10 20:47:59,613 - model.dqn - Training loss: 0.5714336633682251
[DEBUG] 2025-12-10 20:47:59,792 - model.dqn - Training loss: 0.5375881791114807
[DEBUG] 2025-12-10 20:47:59,968 - model.dqn - Training loss: 0.4584692716598511
[DEBUG] 2025-12-10 20:48:00,141 - model.dqn - Training loss: 0.7192857265472412
[DEBUG] 2025-12-10 20:48:00,321 - model.dqn - Training loss: 0.34769734740257263
[DEBUG] 2025-12-10 20:48:00,497 - model.dqn - Training loss: 0.1611013412475586
[DEBUG] 2025-12-10 20:48:00,676 - model.dqn - Training loss: 0.3417157828807831
[DEBUG] 2025-12-10 20:48:00,853 - model.dqn - Training loss: 0.23172041773796082
[DEBUG] 2025-12-10 20:48:01,033 - model.dqn - Training loss: 0.12081263959407806
[DEBUG] 2025-12-10 20:48:01,216 - model.dqn - Training loss: 0.17899852991104126
[DEBUG] 2025-12-10 20:48:01,428 - model.dqn - Training loss: 0.151758074760437
[DEBUG] 2025-12-10 20:48:01,606 - model.dqn - Training loss: 0.2561921775341034
[DEBUG] 2025-12-10 20:48:01,789 - model.dqn - Training loss: 0.32816770672798157
[DEBUG] 2025-12-10 20:48:02,003 - model.dqn - Training loss: 0.22552089393138885
[DEBUG] 2025-12-10 20:48:02,192 - model.dqn - Training loss: 0.5019270777702332
[DEBUG] 2025-12-10 20:48:02,373 - model.dqn - Training loss: 0.5906487703323364
[DEBUG] 2025-12-10 20:48:02,565 - model.dqn - Training loss: 1.0188003778457642
[DEBUG] 2025-12-10 20:48:02,750 - model.dqn - Training loss: 0.281196266412735
[DEBUG] 2025-12-10 20:48:02,930 - model.dqn - Training loss: 0.9728608131408691
[DEBUG] 2025-12-10 20:48:03,117 - model.dqn - Training loss: 0.24778833985328674
[DEBUG] 2025-12-10 20:48:03,300 - model.dqn - Training loss: 0.6179293394088745
[DEBUG] 2025-12-10 20:48:03,478 - model.dqn - Training loss: 0.4534645676612854
[DEBUG] 2025-12-10 20:48:03,655 - model.dqn - Training loss: 1.0524649620056152
[DEBUG] 2025-12-10 20:48:03,835 - model.dqn - Training loss: 0.5856361389160156
[DEBUG] 2025-12-10 20:48:04,013 - model.dqn - Training loss: 0.5868942737579346
[DEBUG] 2025-12-10 20:48:04,191 - model.dqn - Training loss: 0.9130908250808716
[DEBUG] 2025-12-10 20:48:04,369 - model.dqn - Training loss: 0.35382428765296936
[DEBUG] 2025-12-10 20:48:04,554 - model.dqn - Training loss: 0.7627390027046204
[DEBUG] 2025-12-10 20:48:04,735 - model.dqn - Training loss: 0.7936139106750488
[DEBUG] 2025-12-10 20:48:04,915 - model.dqn - Training loss: 1.3474993705749512
[DEBUG] 2025-12-10 20:48:05,097 - model.dqn - Training loss: 0.8098876476287842
[DEBUG] 2025-12-10 20:48:05,276 - model.dqn - Training loss: 0.4416365325450897
[DEBUG] 2025-12-10 20:48:05,455 - model.dqn - Training loss: 0.6779012084007263
[DEBUG] 2025-12-10 20:48:05,637 - model.dqn - Training loss: 1.1759027242660522
[DEBUG] 2025-12-10 20:48:05,818 - model.dqn - Training loss: 1.0220096111297607
[DEBUG] 2025-12-10 20:48:06,000 - model.dqn - Training loss: 0.574876606464386
[DEBUG] 2025-12-10 20:48:06,178 - model.dqn - Training loss: 0.5249380469322205
[DEBUG] 2025-12-10 20:48:06,360 - model.dqn - Training loss: 0.6687135100364685
[DEBUG] 2025-12-10 20:48:06,538 - model.dqn - Training loss: 0.7109336853027344
[DEBUG] 2025-12-10 20:48:06,720 - model.dqn - Training loss: 0.7408991456031799
[DEBUG] 2025-12-10 20:48:06,900 - model.dqn - Training loss: 1.0358244180679321
[DEBUG] 2025-12-10 20:48:07,075 - model.dqn - Training loss: 0.6718847155570984
[DEBUG] 2025-12-10 20:48:07,251 - model.dqn - Training loss: 0.8519859910011292
[DEBUG] 2025-12-10 20:48:07,431 - model.dqn - Training loss: 0.582987904548645
[DEBUG] 2025-12-10 20:48:07,607 - model.dqn - Training loss: 1.2098662853240967
[DEBUG] 2025-12-10 20:48:07,784 - model.dqn - Training loss: 1.086543321609497
[DEBUG] 2025-12-10 20:48:07,960 - model.dqn - Training loss: 0.6183470487594604
[DEBUG] 2025-12-10 20:48:08,138 - model.dqn - Training loss: 0.8317221999168396
[DEBUG] 2025-12-10 20:48:08,314 - model.dqn - Training loss: 0.8242360949516296
[INFO] 2025-12-10 20:48:08,314 - main - Training completed. Move to evaluation phase.
[INFO] 2025-12-10 20:48:08,338 - verifier.verifier - Evaluation for protocol <atomic_commit> completed.
[INFO] 2025-12-10 20:48:08,338 - verifier.verifier - Setting: players=3, rounds=2
[INFO] 2025-12-10 20:48:08,338 - verifier.verifier - Result: 1 failed cases out of 40 total cases.
[INFO] 2025-12-10 20:48:08,338 - verifier.verifier - Accumulated reward: 35
[INFO] 2025-12-10 20:48:08,338 - main - Epoch 2/100, training on 1 failed cases from last evaluation.
[DEBUG] 2025-12-10 20:48:08,516 - model.dqn - Training loss: 0.9279563426971436
[DEBUG] 2025-12-10 20:48:08,695 - model.dqn - Training loss: 0.8659219741821289
[DEBUG] 2025-12-10 20:48:08,872 - model.dqn - Training loss: 0.9283533096313477
[DEBUG] 2025-12-10 20:48:09,053 - model.dqn - Training loss: 1.057119369506836
[DEBUG] 2025-12-10 20:48:09,230 - model.dqn - Training loss: 0.8373144268989563
[DEBUG] 2025-12-10 20:48:09,411 - model.dqn - Training loss: 1.3321040868759155
[DEBUG] 2025-12-10 20:48:09,591 - model.dqn - Training loss: 1.0193729400634766
[DEBUG] 2025-12-10 20:48:09,772 - model.dqn - Training loss: 0.763219952583313
[DEBUG] 2025-12-10 20:48:09,952 - model.dqn - Training loss: 0.9254938960075378
[DEBUG] 2025-12-10 20:48:10,133 - model.dqn - Training loss: 0.9385344982147217
[DEBUG] 2025-12-10 20:48:10,317 - model.dqn - Training loss: 1.5009105205535889
[DEBUG] 2025-12-10 20:48:10,505 - model.dqn - Training loss: 1.1551800966262817
[DEBUG] 2025-12-10 20:48:10,689 - model.dqn - Training loss: 1.1504957675933838
[DEBUG] 2025-12-10 20:48:10,871 - model.dqn - Training loss: 1.2588374614715576
[DEBUG] 2025-12-10 20:48:11,058 - model.dqn - Training loss: 1.2167761325836182
[DEBUG] 2025-12-10 20:48:11,304 - model.dqn - Training loss: 1.4154694080352783
[DEBUG] 2025-12-10 20:48:11,491 - model.dqn - Training loss: 1.2603986263275146
[DEBUG] 2025-12-10 20:48:11,683 - model.dqn - Training loss: 0.9833970069885254
[DEBUG] 2025-12-10 20:48:11,868 - model.dqn - Training loss: 1.1815824508666992
[DEBUG] 2025-12-10 20:48:12,049 - model.dqn - Training loss: 1.3433419466018677
[DEBUG] 2025-12-10 20:48:12,233 - model.dqn - Training loss: 1.241066575050354
[DEBUG] 2025-12-10 20:48:12,412 - model.dqn - Training loss: 1.336105227470398
[DEBUG] 2025-12-10 20:48:12,595 - model.dqn - Training loss: 1.167380928993225
[DEBUG] 2025-12-10 20:48:12,774 - model.dqn - Training loss: 1.536288857460022
[DEBUG] 2025-12-10 20:48:12,954 - model.dqn - Training loss: 1.506927251815796
[DEBUG] 2025-12-10 20:48:13,138 - model.dqn - Training loss: 1.0169355869293213
[DEBUG] 2025-12-10 20:48:13,317 - model.dqn - Training loss: 1.1214609146118164
[DEBUG] 2025-12-10 20:48:13,497 - model.dqn - Training loss: 0.9652871489524841
[DEBUG] 2025-12-10 20:48:13,675 - model.dqn - Training loss: 1.3904317617416382
[DEBUG] 2025-12-10 20:48:13,857 - model.dqn - Training loss: 1.2008018493652344
[DEBUG] 2025-12-10 20:48:14,035 - model.dqn - Training loss: 1.2106175422668457
[DEBUG] 2025-12-10 20:48:14,212 - model.dqn - Training loss: 1.328355312347412
[DEBUG] 2025-12-10 20:48:14,391 - model.dqn - Training loss: 1.4390023946762085
[DEBUG] 2025-12-10 20:48:14,569 - model.dqn - Training loss: 1.4208178520202637
[DEBUG] 2025-12-10 20:48:14,749 - model.dqn - Training loss: 1.3665683269500732
[DEBUG] 2025-12-10 20:48:14,928 - model.dqn - Training loss: 1.2061792612075806
[DEBUG] 2025-12-10 20:48:15,109 - model.dqn - Training loss: 1.4464688301086426
[DEBUG] 2025-12-10 20:48:15,288 - model.dqn - Training loss: 1.2242982387542725
[DEBUG] 2025-12-10 20:48:15,474 - model.dqn - Training loss: 1.3186898231506348
[DEBUG] 2025-12-10 20:48:15,655 - model.dqn - Training loss: 1.3501704931259155
[DEBUG] 2025-12-10 20:48:15,835 - model.dqn - Training loss: 1.3331974744796753
[DEBUG] 2025-12-10 20:48:16,017 - model.dqn - Training loss: 1.6620640754699707
[DEBUG] 2025-12-10 20:48:16,200 - model.dqn - Training loss: 1.5501506328582764
[DEBUG] 2025-12-10 20:48:16,383 - model.dqn - Training loss: 0.9501667618751526
[DEBUG] 2025-12-10 20:48:16,567 - model.dqn - Training loss: 1.202682375907898
[DEBUG] 2025-12-10 20:48:16,748 - model.dqn - Training loss: 0.918419599533081
[DEBUG] 2025-12-10 20:48:16,930 - model.dqn - Training loss: 1.2873327732086182
[DEBUG] 2025-12-10 20:48:17,111 - model.dqn - Training loss: 1.0997363328933716
[DEBUG] 2025-12-10 20:48:17,294 - model.dqn - Training loss: 1.4161094427108765
[DEBUG] 2025-12-10 20:48:17,474 - model.dqn - Training loss: 1.4371874332427979
[DEBUG] 2025-12-10 20:48:17,658 - model.dqn - Training loss: 1.2957957983016968
[DEBUG] 2025-12-10 20:48:17,842 - model.dqn - Training loss: 1.3981060981750488
[DEBUG] 2025-12-10 20:48:18,023 - model.dqn - Training loss: 1.5221234560012817
[DEBUG] 2025-12-10 20:48:18,210 - model.dqn - Training loss: 1.3530104160308838
[DEBUG] 2025-12-10 20:48:18,397 - model.dqn - Training loss: 0.8000157475471497
[DEBUG] 2025-12-10 20:48:18,578 - model.dqn - Training loss: 1.1304398775100708
[DEBUG] 2025-12-10 20:48:18,762 - model.dqn - Training loss: 1.3857026100158691
[DEBUG] 2025-12-10 20:48:18,944 - model.dqn - Training loss: 0.982372522354126
[DEBUG] 2025-12-10 20:48:19,127 - model.dqn - Training loss: 1.3312289714813232
[DEBUG] 2025-12-10 20:48:19,308 - model.dqn - Training loss: 1.2204402685165405
[DEBUG] 2025-12-10 20:48:19,491 - model.dqn - Training loss: 1.2580230236053467
[DEBUG] 2025-12-10 20:48:19,676 - model.dqn - Training loss: 0.754990816116333
[DEBUG] 2025-12-10 20:48:19,863 - model.dqn - Training loss: 1.2098009586334229
[DEBUG] 2025-12-10 20:48:20,047 - model.dqn - Training loss: 1.0449049472808838
[DEBUG] 2025-12-10 20:48:20,234 - model.dqn - Training loss: 1.1543456315994263
[DEBUG] 2025-12-10 20:48:20,425 - model.dqn - Training loss: 0.9332365393638611
[DEBUG] 2025-12-10 20:48:20,612 - model.dqn - Training loss: 1.4800055027008057
[DEBUG] 2025-12-10 20:48:20,806 - model.dqn - Training loss: 1.0237144231796265
[DEBUG] 2025-12-10 20:48:20,999 - model.dqn - Training loss: 1.1430354118347168
[DEBUG] 2025-12-10 20:48:21,194 - model.dqn - Training loss: 0.8265962600708008
[DEBUG] 2025-12-10 20:48:21,394 - model.dqn - Training loss: 1.391755223274231
[DEBUG] 2025-12-10 20:48:21,581 - model.dqn - Training loss: 1.0518293380737305
[DEBUG] 2025-12-10 20:48:21,765 - model.dqn - Training loss: 1.2572742700576782
[DEBUG] 2025-12-10 20:48:21,951 - model.dqn - Training loss: 0.9441322088241577
[DEBUG] 2025-12-10 20:48:22,135 - model.dqn - Training loss: 1.059460997581482
[DEBUG] 2025-12-10 20:48:22,323 - model.dqn - Training loss: 1.2638475894927979
[DEBUG] 2025-12-10 20:48:22,504 - model.dqn - Training loss: 1.1666871309280396
[DEBUG] 2025-12-10 20:48:22,686 - model.dqn - Training loss: 1.0879263877868652
[DEBUG] 2025-12-10 20:48:22,870 - model.dqn - Training loss: 1.0800182819366455
[DEBUG] 2025-12-10 20:48:23,063 - model.dqn - Training loss: 1.3274229764938354
[DEBUG] 2025-12-10 20:48:23,253 - model.dqn - Training loss: 1.295622706413269
[DEBUG] 2025-12-10 20:48:23,448 - model.dqn - Training loss: 1.2582308053970337
[DEBUG] 2025-12-10 20:48:23,644 - model.dqn - Training loss: 1.082430362701416
[DEBUG] 2025-12-10 20:48:23,892 - model.dqn - Training loss: 0.9757752418518066
[DEBUG] 2025-12-10 20:48:24,090 - model.dqn - Training loss: 1.2751895189285278
[DEBUG] 2025-12-10 20:48:24,283 - model.dqn - Training loss: 1.009367823600769
[DEBUG] 2025-12-10 20:48:24,469 - model.dqn - Training loss: 1.5724247694015503
[DEBUG] 2025-12-10 20:48:24,655 - model.dqn - Training loss: 1.2386281490325928
[DEBUG] 2025-12-10 20:48:24,846 - model.dqn - Training loss: 0.9029303193092346
[DEBUG] 2025-12-10 20:48:25,038 - model.dqn - Training loss: 0.7347644567489624
[DEBUG] 2025-12-10 20:48:25,228 - model.dqn - Training loss: 1.2001458406448364
[DEBUG] 2025-12-10 20:48:25,416 - model.dqn - Training loss: 0.8988034725189209
[DEBUG] 2025-12-10 20:48:25,600 - model.dqn - Training loss: 0.9812676906585693
[DEBUG] 2025-12-10 20:48:25,793 - model.dqn - Training loss: 1.2633424997329712
[DEBUG] 2025-12-10 20:48:25,985 - model.dqn - Training loss: 0.8588785529136658
[DEBUG] 2025-12-10 20:48:26,175 - model.dqn - Training loss: 1.448587417602539
[DEBUG] 2025-12-10 20:48:26,361 - model.dqn - Training loss: 0.9431889653205872
[DEBUG] 2025-12-10 20:48:26,551 - model.dqn - Training loss: 1.2876179218292236
[DEBUG] 2025-12-10 20:48:26,735 - model.dqn - Training loss: 0.8414880633354187
[DEBUG] 2025-12-10 20:48:26,922 - model.dqn - Training loss: 0.9107479453086853
[INFO] 2025-12-10 20:48:26,922 - main - Training completed. Move to evaluation phase.
[INFO] 2025-12-10 20:48:26,923 - verifier.verifier - Evaluation for protocol <atomic_commit> completed.
[INFO] 2025-12-10 20:48:26,923 - verifier.verifier - Setting: players=3, rounds=2
[INFO] 2025-12-10 20:48:26,923 - verifier.verifier - Result: 0 failed cases out of 1 total cases.
[INFO] 2025-12-10 20:48:26,923 - verifier.verifier - Accumulated reward: 2
[INFO] 2025-12-10 20:48:26,923 - main - All failed cases passed verification!
[INFO] 2025-12-10 20:48:26,923 - main - Move to final evaluation on all inputs.
[INFO] 2025-12-10 20:48:26,947 - verifier.verifier - Evaluation for protocol <atomic_commit> completed.
[INFO] 2025-12-10 20:48:26,947 - verifier.verifier - Setting: players=3, rounds=2
[INFO] 2025-12-10 20:48:26,947 - verifier.verifier - Result: 16 failed cases out of 40 total cases.
[INFO] 2025-12-10 20:48:26,947 - verifier.verifier - Accumulated reward: -38
[INFO] 2025-12-10 20:48:26,947 - main - 16 failed cases remain after final evaluation.
[INFO] 2025-12-10 20:48:26,947 - main - Epoch 3/100, training on 16 failed cases from last evaluation.
[DEBUG] 2025-12-10 20:48:27,130 - model.dqn - Training loss: 1.2094273567199707
[DEBUG] 2025-12-10 20:48:27,315 - model.dqn - Training loss: 0.8734466433525085
[DEBUG] 2025-12-10 20:48:27,501 - model.dqn - Training loss: 0.968052864074707
[DEBUG] 2025-12-10 20:48:27,690 - model.dqn - Training loss: 1.0399411916732788
[DEBUG] 2025-12-10 20:48:27,875 - model.dqn - Training loss: 1.0205001831054688
[DEBUG] 2025-12-10 20:48:28,063 - model.dqn - Training loss: 1.11414635181427
[DEBUG] 2025-12-10 20:48:28,248 - model.dqn - Training loss: 0.8947351574897766
[DEBUG] 2025-12-10 20:48:28,432 - model.dqn - Training loss: 1.2387809753417969
[DEBUG] 2025-12-10 20:48:28,621 - model.dqn - Training loss: 1.2653244733810425
[DEBUG] 2025-12-10 20:48:28,806 - model.dqn - Training loss: 1.2248517274856567
[DEBUG] 2025-12-10 20:48:28,992 - model.dqn - Training loss: 1.412765622138977
[DEBUG] 2025-12-10 20:48:29,183 - model.dqn - Training loss: 0.9989513158798218
[DEBUG] 2025-12-10 20:48:29,369 - model.dqn - Training loss: 1.3755179643630981
[DEBUG] 2025-12-10 20:48:29,556 - model.dqn - Training loss: 1.2288191318511963
[DEBUG] 2025-12-10 20:48:29,741 - model.dqn - Training loss: 1.0714820623397827
[DEBUG] 2025-12-10 20:48:29,927 - model.dqn - Training loss: 1.6011592149734497
[DEBUG] 2025-12-10 20:48:30,112 - model.dqn - Training loss: 1.510475754737854
[DEBUG] 2025-12-10 20:48:30,296 - model.dqn - Training loss: 1.2138090133666992
[DEBUG] 2025-12-10 20:48:30,480 - model.dqn - Training loss: 1.136889934539795
[DEBUG] 2025-12-10 20:48:30,665 - model.dqn - Training loss: 1.2236217260360718
[DEBUG] 2025-12-10 20:48:30,856 - model.dqn - Training loss: 1.4997894763946533
[DEBUG] 2025-12-10 20:48:31,041 - model.dqn - Training loss: 1.1847389936447144
[DEBUG] 2025-12-10 20:48:31,230 - model.dqn - Training loss: 0.7852976322174072
[DEBUG] 2025-12-10 20:48:31,418 - model.dqn - Training loss: 0.9839872717857361
[DEBUG] 2025-12-10 20:48:31,601 - model.dqn - Training loss: 1.2040117979049683
[DEBUG] 2025-12-10 20:48:31,792 - model.dqn - Training loss: 1.0972784757614136
[DEBUG] 2025-12-10 20:48:31,975 - model.dqn - Training loss: 1.3181524276733398
[DEBUG] 2025-12-10 20:48:32,158 - model.dqn - Training loss: 1.3966325521469116
[DEBUG] 2025-12-10 20:48:32,347 - model.dqn - Training loss: 1.35464346408844
[DEBUG] 2025-12-10 20:48:32,530 - model.dqn - Training loss: 0.7830832600593567
[DEBUG] 2025-12-10 20:48:32,714 - model.dqn - Training loss: 1.579942226409912
[DEBUG] 2025-12-10 20:48:32,898 - model.dqn - Training loss: 1.216813325881958
[DEBUG] 2025-12-10 20:48:33,083 - model.dqn - Training loss: 1.0589326620101929
[DEBUG] 2025-12-10 20:48:33,267 - model.dqn - Training loss: 1.0171537399291992
[DEBUG] 2025-12-10 20:48:33,452 - model.dqn - Training loss: 1.2456992864608765
[DEBUG] 2025-12-10 20:48:33,641 - model.dqn - Training loss: 1.105554223060608
[DEBUG] 2025-12-10 20:48:33,828 - model.dqn - Training loss: 1.2272948026657104
[DEBUG] 2025-12-10 20:48:34,019 - model.dqn - Training loss: 1.5891921520233154
[DEBUG] 2025-12-10 20:48:34,205 - model.dqn - Training loss: 1.2790193557739258
[DEBUG] 2025-12-10 20:48:34,390 - model.dqn - Training loss: 1.2641077041625977
[DEBUG] 2025-12-10 20:48:34,575 - model.dqn - Training loss: 0.8488302826881409
[DEBUG] 2025-12-10 20:48:34,768 - model.dqn - Training loss: 1.2309151887893677
[DEBUG] 2025-12-10 20:48:34,959 - model.dqn - Training loss: 1.2840958833694458
[DEBUG] 2025-12-10 20:48:35,148 - model.dqn - Training loss: 1.272859811782837
[DEBUG] 2025-12-10 20:48:35,336 - model.dqn - Training loss: 1.1652432680130005
[DEBUG] 2025-12-10 20:48:35,526 - model.dqn - Training loss: 1.040168046951294
[DEBUG] 2025-12-10 20:48:35,733 - model.dqn - Training loss: 1.097357988357544
[DEBUG] 2025-12-10 20:48:35,937 - model.dqn - Training loss: 1.511538028717041
[DEBUG] 2025-12-10 20:48:36,128 - model.dqn - Training loss: 1.1681697368621826
[DEBUG] 2025-12-10 20:48:36,318 - model.dqn - Training loss: 1.4715297222137451
[DEBUG] 2025-12-10 20:48:36,511 - model.dqn - Training loss: 1.1911628246307373
[DEBUG] 2025-12-10 20:48:36,703 - model.dqn - Training loss: 1.128670573234558
[DEBUG] 2025-12-10 20:48:36,905 - model.dqn - Training loss: 1.5960561037063599
[DEBUG] 2025-12-10 20:48:37,102 - model.dqn - Training loss: 1.3789215087890625
[DEBUG] 2025-12-10 20:48:37,298 - model.dqn - Training loss: 1.103847622871399
[DEBUG] 2025-12-10 20:48:37,494 - model.dqn - Training loss: 1.0539782047271729
[DEBUG] 2025-12-10 20:48:37,698 - model.dqn - Training loss: 0.9988582134246826
[DEBUG] 2025-12-10 20:48:37,902 - model.dqn - Training loss: 0.824720025062561
[DEBUG] 2025-12-10 20:48:38,098 - model.dqn - Training loss: 1.0735268592834473
[DEBUG] 2025-12-10 20:48:38,356 - model.dqn - Training loss: 1.0793827772140503
[DEBUG] 2025-12-10 20:48:38,547 - model.dqn - Training loss: 1.3936759233474731
[DEBUG] 2025-12-10 20:48:38,742 - model.dqn - Training loss: 1.7379568815231323
[DEBUG] 2025-12-10 20:48:38,935 - model.dqn - Training loss: 1.1686307191848755
[DEBUG] 2025-12-10 20:48:39,133 - model.dqn - Training loss: 1.2964152097702026
[DEBUG] 2025-12-10 20:48:39,327 - model.dqn - Training loss: 1.6098607778549194
[DEBUG] 2025-12-10 20:48:39,520 - model.dqn - Training loss: 1.1561323404312134
[DEBUG] 2025-12-10 20:48:39,712 - model.dqn - Training loss: 1.0986998081207275
[DEBUG] 2025-12-10 20:48:39,924 - model.dqn - Training loss: 1.1835072040557861
[DEBUG] 2025-12-10 20:48:40,115 - model.dqn - Training loss: 1.6015363931655884
[DEBUG] 2025-12-10 20:48:40,305 - model.dqn - Training loss: 1.1780812740325928
[DEBUG] 2025-12-10 20:48:40,494 - model.dqn - Training loss: 0.8355748653411865
[DEBUG] 2025-12-10 20:48:40,689 - model.dqn - Training loss: 0.7791040539741516
[DEBUG] 2025-12-10 20:48:40,878 - model.dqn - Training loss: 0.35969510674476624
[DEBUG] 2025-12-10 20:48:41,075 - model.dqn - Training loss: 1.3049185276031494
[DEBUG] 2025-12-10 20:48:41,265 - model.dqn - Training loss: 1.3750183582305908
[DEBUG] 2025-12-10 20:48:41,454 - model.dqn - Training loss: 1.2858972549438477
[DEBUG] 2025-12-10 20:48:41,638 - model.dqn - Training loss: 1.0143698453903198
[DEBUG] 2025-12-10 20:48:41,829 - model.dqn - Training loss: 0.9911921620368958
[DEBUG] 2025-12-10 20:48:42,016 - model.dqn - Training loss: 0.9119805693626404
[DEBUG] 2025-12-10 20:48:42,207 - model.dqn - Training loss: 1.0666600465774536
[DEBUG] 2025-12-10 20:48:42,400 - model.dqn - Training loss: 0.8973597884178162
[DEBUG] 2025-12-10 20:48:42,588 - model.dqn - Training loss: 0.903007984161377
[DEBUG] 2025-12-10 20:48:42,785 - model.dqn - Training loss: 1.02090585231781
[DEBUG] 2025-12-10 20:48:42,975 - model.dqn - Training loss: 0.49072375893592834
[DEBUG] 2025-12-10 20:48:43,164 - model.dqn - Training loss: 0.9185453653335571
[DEBUG] 2025-12-10 20:48:43,361 - model.dqn - Training loss: 0.6495243906974792
[DEBUG] 2025-12-10 20:48:43,556 - model.dqn - Training loss: 1.052757740020752
[DEBUG] 2025-12-10 20:48:43,748 - model.dqn - Training loss: 0.9995291233062744
[DEBUG] 2025-12-10 20:48:43,939 - model.dqn - Training loss: 1.0994397401809692
[DEBUG] 2025-12-10 20:48:44,129 - model.dqn - Training loss: 0.952930212020874
[DEBUG] 2025-12-10 20:48:44,320 - model.dqn - Training loss: 1.1427987813949585
[DEBUG] 2025-12-10 20:48:44,510 - model.dqn - Training loss: 0.7986913323402405
[DEBUG] 2025-12-10 20:48:44,700 - model.dqn - Training loss: 1.111170768737793
[DEBUG] 2025-12-10 20:48:44,895 - model.dqn - Training loss: 1.0820447206497192
[DEBUG] 2025-12-10 20:48:45,088 - model.dqn - Training loss: 0.8667594790458679
[DEBUG] 2025-12-10 20:48:45,284 - model.dqn - Training loss: 0.7246273756027222
[DEBUG] 2025-12-10 20:48:45,471 - model.dqn - Training loss: 0.6363041996955872
[DEBUG] 2025-12-10 20:48:45,660 - model.dqn - Training loss: 0.7543368339538574
[DEBUG] 2025-12-10 20:48:45,847 - model.dqn - Training loss: 0.6611617207527161
[DEBUG] 2025-12-10 20:48:46,036 - model.dqn - Training loss: 0.8141868710517883
[INFO] 2025-12-10 20:48:46,036 - main - Training completed. Move to evaluation phase.
[INFO] 2025-12-10 20:48:46,046 - verifier.verifier - Evaluation for protocol <atomic_commit> completed.
[INFO] 2025-12-10 20:48:46,046 - verifier.verifier - Setting: players=3, rounds=2
[INFO] 2025-12-10 20:48:46,046 - verifier.verifier - Result: 0 failed cases out of 16 total cases.
[INFO] 2025-12-10 20:48:46,046 - verifier.verifier - Accumulated reward: 18
[INFO] 2025-12-10 20:48:46,046 - main - All failed cases passed verification!
[INFO] 2025-12-10 20:48:46,046 - main - Move to final evaluation on all inputs.
[INFO] 2025-12-10 20:48:46,070 - verifier.verifier - Evaluation for protocol <atomic_commit> completed.
[INFO] 2025-12-10 20:48:46,070 - verifier.verifier - Setting: players=3, rounds=2
[INFO] 2025-12-10 20:48:46,070 - verifier.verifier - Result: 1 failed cases out of 40 total cases.
[INFO] 2025-12-10 20:48:46,070 - verifier.verifier - Accumulated reward: 42
[INFO] 2025-12-10 20:48:46,070 - main - 1 failed cases remain after final evaluation.
[INFO] 2025-12-10 20:48:46,070 - main - Epoch 4/100, training on 1 failed cases from last evaluation.
[DEBUG] 2025-12-10 20:48:46,257 - model.dqn - Training loss: 0.94405198097229
[DEBUG] 2025-12-10 20:48:46,451 - model.dqn - Training loss: 0.7507821917533875
[DEBUG] 2025-12-10 20:48:46,643 - model.dqn - Training loss: 0.8148012161254883
[DEBUG] 2025-12-10 20:48:46,835 - model.dqn - Training loss: 0.8847385048866272
[DEBUG] 2025-12-10 20:48:47,027 - model.dqn - Training loss: 0.4748968780040741
[DEBUG] 2025-12-10 20:48:47,221 - model.dqn - Training loss: 0.7177347540855408
[DEBUG] 2025-12-10 20:48:47,410 - model.dqn - Training loss: 0.8844669461250305
[DEBUG] 2025-12-10 20:48:47,607 - model.dqn - Training loss: 0.8576614260673523
[DEBUG] 2025-12-10 20:48:47,797 - model.dqn - Training loss: 0.7647871971130371
[DEBUG] 2025-12-10 20:48:47,987 - model.dqn - Training loss: 1.063234567642212
[DEBUG] 2025-12-10 20:48:48,183 - model.dqn - Training loss: 0.8394759893417358
[DEBUG] 2025-12-10 20:48:48,370 - model.dqn - Training loss: 0.7945016026496887
[DEBUG] 2025-12-10 20:48:48,556 - model.dqn - Training loss: 0.45210692286491394
[DEBUG] 2025-12-10 20:48:48,749 - model.dqn - Training loss: 0.5436418056488037
[DEBUG] 2025-12-10 20:48:48,936 - model.dqn - Training loss: 0.5374986529350281
[DEBUG] 2025-12-10 20:48:49,131 - model.dqn - Training loss: 1.0738766193389893
[DEBUG] 2025-12-10 20:48:49,326 - model.dqn - Training loss: 0.5696864724159241
[DEBUG] 2025-12-10 20:48:49,512 - model.dqn - Training loss: 0.4577242136001587
[DEBUG] 2025-12-10 20:48:49,705 - model.dqn - Training loss: 0.5862793922424316
[DEBUG] 2025-12-10 20:48:49,890 - model.dqn - Training loss: 0.64287269115448
[DEBUG] 2025-12-10 20:48:50,083 - model.dqn - Training loss: 0.8644272685050964
[DEBUG] 2025-12-10 20:48:50,275 - model.dqn - Training loss: 0.44700297713279724
[DEBUG] 2025-12-10 20:48:50,478 - model.dqn - Training loss: 0.8401410579681396
[DEBUG] 2025-12-10 20:48:50,669 - model.dqn - Training loss: 0.5529203414916992
[DEBUG] 2025-12-10 20:48:50,869 - model.dqn - Training loss: 0.5504435896873474
[DEBUG] 2025-12-10 20:48:51,062 - model.dqn - Training loss: 0.7527322769165039
[DEBUG] 2025-12-10 20:48:51,256 - model.dqn - Training loss: 0.24914497137069702
[DEBUG] 2025-12-10 20:48:51,446 - model.dqn - Training loss: 0.4164762496948242
[DEBUG] 2025-12-10 20:48:51,635 - model.dqn - Training loss: 0.7680501341819763
[DEBUG] 2025-12-10 20:48:51,824 - model.dqn - Training loss: 0.5972467660903931
[DEBUG] 2025-12-10 20:48:52,012 - model.dqn - Training loss: 0.5541563630104065
[DEBUG] 2025-12-10 20:48:52,207 - model.dqn - Training loss: 0.3763633370399475
[DEBUG] 2025-12-10 20:48:52,414 - model.dqn - Training loss: 0.8992253541946411
[DEBUG] 2025-12-10 20:48:52,614 - model.dqn - Training loss: 0.23031799495220184
[DEBUG] 2025-12-10 20:48:52,808 - model.dqn - Training loss: 0.6906171441078186
[DEBUG] 2025-12-10 20:48:53,052 - model.dqn - Training loss: 0.734466016292572
[DEBUG] 2025-12-10 20:48:53,243 - model.dqn - Training loss: 0.5790457725524902
[DEBUG] 2025-12-10 20:48:53,439 - model.dqn - Training loss: 0.6065827012062073
[DEBUG] 2025-12-10 20:48:53,627 - model.dqn - Training loss: 0.6611433029174805
[DEBUG] 2025-12-10 20:48:53,821 - model.dqn - Training loss: 0.3591286540031433
[DEBUG] 2025-12-10 20:48:54,009 - model.dqn - Training loss: 0.395376592874527
[DEBUG] 2025-12-10 20:48:54,196 - model.dqn - Training loss: 0.3944966495037079
[DEBUG] 2025-12-10 20:48:54,382 - model.dqn - Training loss: 0.5341027975082397
[DEBUG] 2025-12-10 20:48:54,572 - model.dqn - Training loss: 0.4996572434902191
[DEBUG] 2025-12-10 20:48:54,755 - model.dqn - Training loss: 0.8202398419380188
[DEBUG] 2025-12-10 20:48:54,943 - model.dqn - Training loss: 0.7652719616889954
[DEBUG] 2025-12-10 20:48:55,132 - model.dqn - Training loss: 0.6128349900245667
[DEBUG] 2025-12-10 20:48:55,319 - model.dqn - Training loss: 0.6242195963859558
[DEBUG] 2025-12-10 20:48:55,511 - model.dqn - Training loss: 0.5169968008995056
[DEBUG] 2025-12-10 20:48:55,694 - model.dqn - Training loss: 0.6190189719200134
[DEBUG] 2025-12-10 20:48:55,878 - model.dqn - Training loss: 0.6663647890090942
[DEBUG] 2025-12-10 20:48:56,060 - model.dqn - Training loss: 0.9869042038917542
[DEBUG] 2025-12-10 20:48:56,242 - model.dqn - Training loss: 0.5672413110733032
[DEBUG] 2025-12-10 20:48:56,425 - model.dqn - Training loss: 0.47504228353500366
[DEBUG] 2025-12-10 20:48:56,607 - model.dqn - Training loss: 0.4085122346878052
[DEBUG] 2025-12-10 20:48:56,789 - model.dqn - Training loss: 0.6779907941818237
[DEBUG] 2025-12-10 20:48:56,971 - model.dqn - Training loss: 0.7119486927986145
[DEBUG] 2025-12-10 20:48:57,152 - model.dqn - Training loss: 0.6855220794677734
[DEBUG] 2025-12-10 20:48:57,334 - model.dqn - Training loss: 0.3973531424999237
[DEBUG] 2025-12-10 20:48:57,519 - model.dqn - Training loss: 0.5928773283958435
[DEBUG] 2025-12-10 20:48:57,705 - model.dqn - Training loss: 0.24169480800628662
[DEBUG] 2025-12-10 20:48:57,894 - model.dqn - Training loss: 0.714798092842102
[DEBUG] 2025-12-10 20:48:58,077 - model.dqn - Training loss: 0.48856282234191895
[DEBUG] 2025-12-10 20:48:58,261 - model.dqn - Training loss: 0.7500126361846924
[DEBUG] 2025-12-10 20:48:58,442 - model.dqn - Training loss: 0.7002822756767273
[DEBUG] 2025-12-10 20:48:58,623 - model.dqn - Training loss: 0.5156629085540771
[DEBUG] 2025-12-10 20:48:58,802 - model.dqn - Training loss: 0.8486246466636658
[DEBUG] 2025-12-10 20:48:58,982 - model.dqn - Training loss: 0.3937512934207916
[DEBUG] 2025-12-10 20:48:59,162 - model.dqn - Training loss: 0.48861250281333923
[DEBUG] 2025-12-10 20:48:59,342 - model.dqn - Training loss: 0.5826241374015808
[DEBUG] 2025-12-10 20:48:59,524 - model.dqn - Training loss: 0.3046574294567108
[DEBUG] 2025-12-10 20:48:59,704 - model.dqn - Training loss: 0.40856409072875977
[DEBUG] 2025-12-10 20:48:59,884 - model.dqn - Training loss: 0.5593374967575073
[DEBUG] 2025-12-10 20:49:00,063 - model.dqn - Training loss: 0.8688005208969116
[DEBUG] 2025-12-10 20:49:00,243 - model.dqn - Training loss: 0.5280361175537109
[DEBUG] 2025-12-10 20:49:00,433 - model.dqn - Training loss: 0.5673120617866516
[DEBUG] 2025-12-10 20:49:00,624 - model.dqn - Training loss: 0.5058189034461975
[DEBUG] 2025-12-10 20:49:00,805 - model.dqn - Training loss: 0.4907396733760834
[DEBUG] 2025-12-10 20:49:00,983 - model.dqn - Training loss: 0.48939773440361023
[DEBUG] 2025-12-10 20:49:01,166 - model.dqn - Training loss: 0.6071774363517761
[DEBUG] 2025-12-10 20:49:01,348 - model.dqn - Training loss: 0.3246193826198578
[DEBUG] 2025-12-10 20:49:01,531 - model.dqn - Training loss: 0.7081450819969177
[DEBUG] 2025-12-10 20:49:01,711 - model.dqn - Training loss: 0.7244852185249329
[DEBUG] 2025-12-10 20:49:01,891 - model.dqn - Training loss: 0.38625863194465637
[DEBUG] 2025-12-10 20:49:02,072 - model.dqn - Training loss: 0.18089233338832855
[DEBUG] 2025-12-10 20:49:02,257 - model.dqn - Training loss: 0.29707881808280945
[DEBUG] 2025-12-10 20:49:02,440 - model.dqn - Training loss: 0.21523182094097137
[DEBUG] 2025-12-10 20:49:02,622 - model.dqn - Training loss: 0.6736617684364319
[DEBUG] 2025-12-10 20:49:02,801 - model.dqn - Training loss: 0.21969477832317352
[DEBUG] 2025-12-10 20:49:02,981 - model.dqn - Training loss: 0.5304483771324158
[DEBUG] 2025-12-10 20:49:03,159 - model.dqn - Training loss: 0.2124144583940506
[DEBUG] 2025-12-10 20:49:03,337 - model.dqn - Training loss: 0.2930755019187927
[DEBUG] 2025-12-10 20:49:03,514 - model.dqn - Training loss: 0.2739344537258148
[DEBUG] 2025-12-10 20:49:03,698 - model.dqn - Training loss: 0.4383816719055176
[DEBUG] 2025-12-10 20:49:03,880 - model.dqn - Training loss: 0.10278306156396866
[DEBUG] 2025-12-10 20:49:04,061 - model.dqn - Training loss: 0.3711807429790497
[DEBUG] 2025-12-10 20:49:04,241 - model.dqn - Training loss: 0.2609509527683258
[DEBUG] 2025-12-10 20:49:04,418 - model.dqn - Training loss: 0.34429866075515747
[DEBUG] 2025-12-10 20:49:04,601 - model.dqn - Training loss: 0.3762681186199188
[DEBUG] 2025-12-10 20:49:04,783 - model.dqn - Training loss: 0.3081314265727997
[INFO] 2025-12-10 20:49:04,783 - main - Training completed. Move to evaluation phase.
[INFO] 2025-12-10 20:49:04,784 - verifier.verifier - Evaluation for protocol <atomic_commit> completed.
[INFO] 2025-12-10 20:49:04,784 - verifier.verifier - Setting: players=3, rounds=2
[INFO] 2025-12-10 20:49:04,784 - verifier.verifier - Result: 0 failed cases out of 1 total cases.
[INFO] 2025-12-10 20:49:04,784 - verifier.verifier - Accumulated reward: 1
[INFO] 2025-12-10 20:49:04,784 - main - All failed cases passed verification!
[INFO] 2025-12-10 20:49:04,784 - main - Move to final evaluation on all inputs.
[INFO] 2025-12-10 20:49:04,809 - verifier.verifier - Evaluation for protocol <atomic_commit> completed.
[INFO] 2025-12-10 20:49:04,809 - verifier.verifier - Setting: players=3, rounds=2
[INFO] 2025-12-10 20:49:04,809 - verifier.verifier - Result: 0 failed cases out of 40 total cases.
[INFO] 2025-12-10 20:49:04,809 - verifier.verifier - Accumulated reward: 45
[INFO] 2025-12-10 20:49:04,809 - main - All cases passed verification! Training successful.
[INFO] 2025-12-10 20:49:04,809 - main - Saving trained model to results/temp/dqn_st_3_2.pth...
[INFO] 2025-12-10 20:49:04,813 - main - Model saved successfully.
